Archive member included because of file (symbol)

c:/users/dell e5510/documents/mkclipse/avr toolchain/bin/../lib/gcc/avr/5.4.0/../../../../avr/lib/avr5\libprintf_flt.a(vfprintf_flt.o)
                              (vfprintf)
c:/users/dell e5510/documents/mkclipse/avr toolchain/bin/../lib/gcc/avr/5.4.0/avr5\libgcc.a(_mulsi3.o)
                              Release/bmp085.o (__mulsi3)
c:/users/dell e5510/documents/mkclipse/avr toolchain/bin/../lib/gcc/avr/5.4.0/avr5\libgcc.a(_udivmodsi4.o)
                              Release/bmp085.o (__udivmodsi4)
c:/users/dell e5510/documents/mkclipse/avr toolchain/bin/../lib/gcc/avr/5.4.0/avr5\libgcc.a(_divmodsi4.o)
                              Release/bmp085.o (__divmodsi4)
c:/users/dell e5510/documents/mkclipse/avr toolchain/bin/../lib/gcc/avr/5.4.0/avr5\libgcc.a(_negsi2.o)
                              c:/users/dell e5510/documents/mkclipse/avr toolchain/bin/../lib/gcc/avr/5.4.0/avr5\libgcc.a(_divmodsi4.o) (__negsi2)
c:/users/dell e5510/documents/mkclipse/avr toolchain/bin/../lib/gcc/avr/5.4.0/avr5\libgcc.a(_exit.o)
                              c:/users/dell e5510/documents/mkclipse/avr toolchain/bin/../lib/gcc/avr/5.4.0/../../../../avr/lib/avr5/crtatmega32.o (exit)
c:/users/dell e5510/documents/mkclipse/avr toolchain/bin/../lib/gcc/avr/5.4.0/avr5\libgcc.a(_copy_data.o)
                              Release/main.o (__do_copy_data)
c:/users/dell e5510/documents/mkclipse/avr toolchain/bin/../lib/gcc/avr/5.4.0/avr5\libgcc.a(_clear_bss.o)
                              Release/bmp085.o (__do_clear_bss)
c:/users/dell e5510/documents/mkclipse/avr toolchain/bin/../lib/gcc/avr/5.4.0/avr5\libgcc.a(_muluhisi3.o)
                              Release/bmp085.o (__muluhisi3)
c:/users/dell e5510/documents/mkclipse/avr toolchain/bin/../lib/gcc/avr/5.4.0/avr5\libgcc.a(_mulshisi3.o)
                              Release/bmp085.o (__mulshisi3)
c:/users/dell e5510/documents/mkclipse/avr toolchain/bin/../lib/gcc/avr/5.4.0/avr5\libgcc.a(_prologue.o)
                              c:/users/dell e5510/documents/mkclipse/avr toolchain/bin/../lib/gcc/avr/5.4.0/../../../../avr/lib/avr5\libprintf_flt.a(vfprintf_flt.o) (__prologue_saves__)
c:/users/dell e5510/documents/mkclipse/avr toolchain/bin/../lib/gcc/avr/5.4.0/avr5\libgcc.a(_epilogue.o)
                              c:/users/dell e5510/documents/mkclipse/avr toolchain/bin/../lib/gcc/avr/5.4.0/../../../../avr/lib/avr5\libprintf_flt.a(vfprintf_flt.o) (__epilogue_restores__)
c:/users/dell e5510/documents/mkclipse/avr toolchain/bin/../lib/gcc/avr/5.4.0/avr5\libgcc.a(_umulhisi3.o)
                              c:/users/dell e5510/documents/mkclipse/avr toolchain/bin/../lib/gcc/avr/5.4.0/avr5\libgcc.a(_muluhisi3.o) (__umulhisi3)
c:/users/dell e5510/documents/mkclipse/avr toolchain/bin/../lib/gcc/avr/5.4.0/../../../../avr/lib/avr5\libm.a(addsf3.o)
                              Release/bmp085.o (__subsf3)
c:/users/dell e5510/documents/mkclipse/avr toolchain/bin/../lib/gcc/avr/5.4.0/../../../../avr/lib/avr5\libm.a(addsf3x.o)
                              c:/users/dell e5510/documents/mkclipse/avr toolchain/bin/../lib/gcc/avr/5.4.0/../../../../avr/lib/avr5\libm.a(addsf3.o) (__addsf3x)
c:/users/dell e5510/documents/mkclipse/avr toolchain/bin/../lib/gcc/avr/5.4.0/../../../../avr/lib/avr5\libm.a(divsf3.o)
                              Release/bmp085.o (__divsf3)
c:/users/dell e5510/documents/mkclipse/avr toolchain/bin/../lib/gcc/avr/5.4.0/../../../../avr/lib/avr5\libm.a(divsf3x.o)
                              c:/users/dell e5510/documents/mkclipse/avr toolchain/bin/../lib/gcc/avr/5.4.0/../../../../avr/lib/avr5\libm.a(divsf3.o) (__divsf3x)
c:/users/dell e5510/documents/mkclipse/avr toolchain/bin/../lib/gcc/avr/5.4.0/../../../../avr/lib/avr5\libm.a(floatsisf.o)
                              Release/bmp085.o (__floatsisf)
c:/users/dell e5510/documents/mkclipse/avr toolchain/bin/../lib/gcc/avr/5.4.0/../../../../avr/lib/avr5\libm.a(fp_inf.o)
                              c:/users/dell e5510/documents/mkclipse/avr toolchain/bin/../lib/gcc/avr/5.4.0/../../../../avr/lib/avr5\libm.a(addsf3x.o) (__fp_inf)
c:/users/dell e5510/documents/mkclipse/avr toolchain/bin/../lib/gcc/avr/5.4.0/../../../../avr/lib/avr5\libm.a(fp_nan.o)
                              c:/users/dell e5510/documents/mkclipse/avr toolchain/bin/../lib/gcc/avr/5.4.0/../../../../avr/lib/avr5\libm.a(addsf3x.o) (__fp_nan)
c:/users/dell e5510/documents/mkclipse/avr toolchain/bin/../lib/gcc/avr/5.4.0/../../../../avr/lib/avr5\libm.a(fp_pscA.o)
                              c:/users/dell e5510/documents/mkclipse/avr toolchain/bin/../lib/gcc/avr/5.4.0/../../../../avr/lib/avr5\libm.a(addsf3x.o) (__fp_pscA)
c:/users/dell e5510/documents/mkclipse/avr toolchain/bin/../lib/gcc/avr/5.4.0/../../../../avr/lib/avr5\libm.a(fp_pscB.o)
                              c:/users/dell e5510/documents/mkclipse/avr toolchain/bin/../lib/gcc/avr/5.4.0/../../../../avr/lib/avr5\libm.a(addsf3x.o) (__fp_pscB)
c:/users/dell e5510/documents/mkclipse/avr toolchain/bin/../lib/gcc/avr/5.4.0/../../../../avr/lib/avr5\libm.a(fp_round.o)
                              c:/users/dell e5510/documents/mkclipse/avr toolchain/bin/../lib/gcc/avr/5.4.0/../../../../avr/lib/avr5\libm.a(addsf3.o) (__fp_round)
c:/users/dell e5510/documents/mkclipse/avr toolchain/bin/../lib/gcc/avr/5.4.0/../../../../avr/lib/avr5\libm.a(fp_split3.o)
                              c:/users/dell e5510/documents/mkclipse/avr toolchain/bin/../lib/gcc/avr/5.4.0/../../../../avr/lib/avr5\libm.a(addsf3x.o) (__fp_split3)
c:/users/dell e5510/documents/mkclipse/avr toolchain/bin/../lib/gcc/avr/5.4.0/../../../../avr/lib/avr5\libm.a(fp_zero.o)
                              c:/users/dell e5510/documents/mkclipse/avr toolchain/bin/../lib/gcc/avr/5.4.0/../../../../avr/lib/avr5\libm.a(addsf3x.o) (__fp_zero)
c:/users/dell e5510/documents/mkclipse/avr toolchain/bin/../lib/gcc/avr/5.4.0/../../../../avr/lib/avr5\libm.a(pow.o)
                              Release/bmp085.o (pow)
c:/users/dell e5510/documents/mkclipse/avr toolchain/bin/../lib/gcc/avr/5.4.0/../../../../avr/lib/avr5\libm.a(exp.o)
                              c:/users/dell e5510/documents/mkclipse/avr toolchain/bin/../lib/gcc/avr/5.4.0/../../../../avr/lib/avr5\libm.a(pow.o) (exp)
c:/users/dell e5510/documents/mkclipse/avr toolchain/bin/../lib/gcc/avr/5.4.0/../../../../avr/lib/avr5\libm.a(fp_powser.o)
                              c:/users/dell e5510/documents/mkclipse/avr toolchain/bin/../lib/gcc/avr/5.4.0/../../../../avr/lib/avr5\libm.a(exp.o) (__fp_powser)
c:/users/dell e5510/documents/mkclipse/avr toolchain/bin/../lib/gcc/avr/5.4.0/../../../../avr/lib/avr5\libm.a(inverse.o)
                              c:/users/dell e5510/documents/mkclipse/avr toolchain/bin/../lib/gcc/avr/5.4.0/../../../../avr/lib/avr5\libm.a(exp.o) (inverse)
c:/users/dell e5510/documents/mkclipse/avr toolchain/bin/../lib/gcc/avr/5.4.0/../../../../avr/lib/avr5\libm.a(ldexp.o)
                              c:/users/dell e5510/documents/mkclipse/avr toolchain/bin/../lib/gcc/avr/5.4.0/../../../../avr/lib/avr5\libm.a(exp.o) (ldexp)
c:/users/dell e5510/documents/mkclipse/avr toolchain/bin/../lib/gcc/avr/5.4.0/../../../../avr/lib/avr5\libm.a(log.o)
                              c:/users/dell e5510/documents/mkclipse/avr toolchain/bin/../lib/gcc/avr/5.4.0/../../../../avr/lib/avr5\libm.a(pow.o) (log)
c:/users/dell e5510/documents/mkclipse/avr toolchain/bin/../lib/gcc/avr/5.4.0/../../../../avr/lib/avr5\libm.a(modf.o)
                              c:/users/dell e5510/documents/mkclipse/avr toolchain/bin/../lib/gcc/avr/5.4.0/../../../../avr/lib/avr5\libm.a(exp.o) (modf)
c:/users/dell e5510/documents/mkclipse/avr toolchain/bin/../lib/gcc/avr/5.4.0/../../../../avr/lib/avr5\libm.a(mulsf3.o)
                              c:/users/dell e5510/documents/mkclipse/avr toolchain/bin/../lib/gcc/avr/5.4.0/../../../../avr/lib/avr5\libm.a(pow.o) (__mulsf3)
c:/users/dell e5510/documents/mkclipse/avr toolchain/bin/../lib/gcc/avr/5.4.0/../../../../avr/lib/avr5\libm.a(mulsf3x.o)
                              c:/users/dell e5510/documents/mkclipse/avr toolchain/bin/../lib/gcc/avr/5.4.0/../../../../avr/lib/avr5\libm.a(fp_powser.o) (__mulsf3x)
c:/users/dell e5510/documents/mkclipse/avr toolchain/bin/../lib/gcc/avr/5.4.0/../../../../avr/lib/avr5\libm.a(fp_mpack.o)
                              c:/users/dell e5510/documents/mkclipse/avr toolchain/bin/../lib/gcc/avr/5.4.0/../../../../avr/lib/avr5\libm.a(ldexp.o) (__fp_mpack)
c:/users/dell e5510/documents/mkclipse/avr toolchain/bin/../lib/gcc/avr/5.4.0/../../../../avr/lib/avr5\libc.a(dtostrf.o)
                              Release/main.o (dtostrf)
c:/users/dell e5510/documents/mkclipse/avr toolchain/bin/../lib/gcc/avr/5.4.0/../../../../avr/lib/avr5\libc.a(ftoa_engine.o)
                              c:/users/dell e5510/documents/mkclipse/avr toolchain/bin/../lib/gcc/avr/5.4.0/../../../../avr/lib/avr5\libprintf_flt.a(vfprintf_flt.o) (__ftoa_engine)
c:/users/dell e5510/documents/mkclipse/avr toolchain/bin/../lib/gcc/avr/5.4.0/../../../../avr/lib/avr5\libc.a(strnlen_P.o)
                              c:/users/dell e5510/documents/mkclipse/avr toolchain/bin/../lib/gcc/avr/5.4.0/../../../../avr/lib/avr5\libprintf_flt.a(vfprintf_flt.o) (strnlen_P)
c:/users/dell e5510/documents/mkclipse/avr toolchain/bin/../lib/gcc/avr/5.4.0/../../../../avr/lib/avr5\libc.a(strnlen.o)
                              c:/users/dell e5510/documents/mkclipse/avr toolchain/bin/../lib/gcc/avr/5.4.0/../../../../avr/lib/avr5\libprintf_flt.a(vfprintf_flt.o) (strnlen)
c:/users/dell e5510/documents/mkclipse/avr toolchain/bin/../lib/gcc/avr/5.4.0/../../../../avr/lib/avr5\libc.a(fputc.o)
                              c:/users/dell e5510/documents/mkclipse/avr toolchain/bin/../lib/gcc/avr/5.4.0/../../../../avr/lib/avr5\libprintf_flt.a(vfprintf_flt.o) (fputc)
c:/users/dell e5510/documents/mkclipse/avr toolchain/bin/../lib/gcc/avr/5.4.0/../../../../avr/lib/avr5\libc.a(ultoa_invert.o)
                              c:/users/dell e5510/documents/mkclipse/avr toolchain/bin/../lib/gcc/avr/5.4.0/../../../../avr/lib/avr5\libprintf_flt.a(vfprintf_flt.o) (__ultoa_invert)
c:/users/dell e5510/documents/mkclipse/avr toolchain/bin/../lib/gcc/avr/5.4.0/../../../../avr/lib/avr5\libc.a(dtoa_prf.o)
                              c:/users/dell e5510/documents/mkclipse/avr toolchain/bin/../lib/gcc/avr/5.4.0/../../../../avr/lib/avr5\libc.a(dtostrf.o) (dtoa_prf)

Allocating common symbols
Common symbol       size              file

bmp085_regac4       0x2               Release/bmp085.o
bmp085_regb2        0x2               Release/bmp085.o
bmp085_rawpressure  0x4               Release/bmp085.o
bmp085_regac3       0x2               Release/bmp085.o
bmp085_rawtemperature
                    0x4               Release/bmp085.o
bmp085_regb1        0x2               Release/bmp085.o
bmp085_regac6       0x2               Release/bmp085.o
bmp085_regmd        0x2               Release/bmp085.o
bmp085_regac1       0x2               Release/bmp085.o
bmp085_regmb        0x2               Release/bmp085.o
bmp085_regac5       0x2               Release/bmp085.o
bmp085_regmc        0x2               Release/bmp085.o
bmp085_regac2       0x2               Release/bmp085.o

Discarded input sections

 .data          0x00000000        0x0 c:/users/dell e5510/documents/mkclipse/avr toolchain/bin/../lib/gcc/avr/5.4.0/../../../../avr/lib/avr5/crtatmega32.o
 .bss           0x00000000        0x0 c:/users/dell e5510/documents/mkclipse/avr toolchain/bin/../lib/gcc/avr/5.4.0/../../../../avr/lib/avr5/crtatmega32.o
 .text          0x00000000        0x0 c:/users/dell e5510/documents/mkclipse/avr toolchain/bin/../lib/gcc/avr/5.4.0/../../../../avr/lib/avr5\libprintf_flt.a(vfprintf_flt.o)
 .data          0x00000000        0x0 c:/users/dell e5510/documents/mkclipse/avr toolchain/bin/../lib/gcc/avr/5.4.0/../../../../avr/lib/avr5\libprintf_flt.a(vfprintf_flt.o)
 .bss           0x00000000        0x0 c:/users/dell e5510/documents/mkclipse/avr toolchain/bin/../lib/gcc/avr/5.4.0/../../../../avr/lib/avr5\libprintf_flt.a(vfprintf_flt.o)
 .text          0x00000000        0x0 Release/bmp085.o
 .data          0x00000000        0x0 Release/bmp085.o
 .bss           0x00000000        0x0 Release/bmp085.o
 .text.bmp085_gettemperature
                0x00000000       0x3e Release/bmp085.o
 .text.bmp085_getaltitude
                0x00000000       0x58 Release/bmp085.o
 .text          0x00000000        0x0 Release/hd44780.o
 .data          0x00000000        0x0 Release/hd44780.o
 .bss           0x00000000        0x0 Release/hd44780.o
 .text.LCD_Clear
                0x00000000       0x14 Release/hd44780.o
 .text.LCD_Home
                0x00000000       0x14 Release/hd44780.o
 .text          0x00000000        0x0 Release/main.o
 .data          0x00000000        0x0 Release/main.o
 .bss           0x00000000        0x0 Release/main.o
 .text          0x00000000        0x0 Release/mk_build.o
 .data          0x00000000        0x0 Release/mk_build.o
 .bss           0x00000000        0x0 Release/mk_build.o
 .text          0x00000000        0x0 Release/twimaster.o
 .data          0x00000000        0x0 Release/twimaster.o
 .bss           0x00000000        0x0 Release/twimaster.o
 .text          0x00000000        0x0 c:/users/dell e5510/documents/mkclipse/avr toolchain/bin/../lib/gcc/avr/5.4.0/avr5\libgcc.a(_mulsi3.o)
 .data          0x00000000        0x0 c:/users/dell e5510/documents/mkclipse/avr toolchain/bin/../lib/gcc/avr/5.4.0/avr5\libgcc.a(_mulsi3.o)
 .bss           0x00000000        0x0 c:/users/dell e5510/documents/mkclipse/avr toolchain/bin/../lib/gcc/avr/5.4.0/avr5\libgcc.a(_mulsi3.o)
 .text.libgcc.div
                0x00000000        0x0 c:/users/dell e5510/documents/mkclipse/avr toolchain/bin/../lib/gcc/avr/5.4.0/avr5\libgcc.a(_mulsi3.o)
 .text.libgcc   0x00000000        0x0 c:/users/dell e5510/documents/mkclipse/avr toolchain/bin/../lib/gcc/avr/5.4.0/avr5\libgcc.a(_mulsi3.o)
 .text.libgcc.prologue
                0x00000000        0x0 c:/users/dell e5510/documents/mkclipse/avr toolchain/bin/../lib/gcc/avr/5.4.0/avr5\libgcc.a(_mulsi3.o)
 .text.libgcc.builtins
                0x00000000        0x0 c:/users/dell e5510/documents/mkclipse/avr toolchain/bin/../lib/gcc/avr/5.4.0/avr5\libgcc.a(_mulsi3.o)
 .text.libgcc.fmul
                0x00000000        0x0 c:/users/dell e5510/documents/mkclipse/avr toolchain/bin/../lib/gcc/avr/5.4.0/avr5\libgcc.a(_mulsi3.o)
 .text.libgcc.fixed
                0x00000000        0x0 c:/users/dell e5510/documents/mkclipse/avr toolchain/bin/../lib/gcc/avr/5.4.0/avr5\libgcc.a(_mulsi3.o)
 .text          0x00000000        0x0 c:/users/dell e5510/documents/mkclipse/avr toolchain/bin/../lib/gcc/avr/5.4.0/avr5\libgcc.a(_udivmodsi4.o)
 .data          0x00000000        0x0 c:/users/dell e5510/documents/mkclipse/avr toolchain/bin/../lib/gcc/avr/5.4.0/avr5\libgcc.a(_udivmodsi4.o)
 .bss           0x00000000        0x0 c:/users/dell e5510/documents/mkclipse/avr toolchain/bin/../lib/gcc/avr/5.4.0/avr5\libgcc.a(_udivmodsi4.o)
 .text.libgcc.mul
                0x00000000        0x0 c:/users/dell e5510/documents/mkclipse/avr toolchain/bin/../lib/gcc/avr/5.4.0/avr5\libgcc.a(_udivmodsi4.o)
 .text.libgcc   0x00000000        0x0 c:/users/dell e5510/documents/mkclipse/avr toolchain/bin/../lib/gcc/avr/5.4.0/avr5\libgcc.a(_udivmodsi4.o)
 .text.libgcc.prologue
                0x00000000        0x0 c:/users/dell e5510/documents/mkclipse/avr toolchain/bin/../lib/gcc/avr/5.4.0/avr5\libgcc.a(_udivmodsi4.o)
 .text.libgcc.builtins
                0x00000000        0x0 c:/users/dell e5510/documents/mkclipse/avr toolchain/bin/../lib/gcc/avr/5.4.0/avr5\libgcc.a(_udivmodsi4.o)
 .text.libgcc.fmul
                0x00000000        0x0 c:/users/dell e5510/documents/mkclipse/avr toolchain/bin/../lib/gcc/avr/5.4.0/avr5\libgcc.a(_udivmodsi4.o)
 .text.libgcc.fixed
                0x00000000        0x0 c:/users/dell e5510/documents/mkclipse/avr toolchain/bin/../lib/gcc/avr/5.4.0/avr5\libgcc.a(_udivmodsi4.o)
 .text          0x00000000        0x0 c:/users/dell e5510/documents/mkclipse/avr toolchain/bin/../lib/gcc/avr/5.4.0/avr5\libgcc.a(_divmodsi4.o)
 .data          0x00000000        0x0 c:/users/dell e5510/documents/mkclipse/avr toolchain/bin/../lib/gcc/avr/5.4.0/avr5\libgcc.a(_divmodsi4.o)
 .bss           0x00000000        0x0 c:/users/dell e5510/documents/mkclipse/avr toolchain/bin/../lib/gcc/avr/5.4.0/avr5\libgcc.a(_divmodsi4.o)
 .text.libgcc.mul
                0x00000000        0x0 c:/users/dell e5510/documents/mkclipse/avr toolchain/bin/../lib/gcc/avr/5.4.0/avr5\libgcc.a(_divmodsi4.o)
 .text.libgcc   0x00000000        0x0 c:/users/dell e5510/documents/mkclipse/avr toolchain/bin/../lib/gcc/avr/5.4.0/avr5\libgcc.a(_divmodsi4.o)
 .text.libgcc.prologue
                0x00000000        0x0 c:/users/dell e5510/documents/mkclipse/avr toolchain/bin/../lib/gcc/avr/5.4.0/avr5\libgcc.a(_divmodsi4.o)
 .text.libgcc.builtins
                0x00000000        0x0 c:/users/dell e5510/documents/mkclipse/avr toolchain/bin/../lib/gcc/avr/5.4.0/avr5\libgcc.a(_divmodsi4.o)
 .text.libgcc.fmul
                0x00000000        0x0 c:/users/dell e5510/documents/mkclipse/avr toolchain/bin/../lib/gcc/avr/5.4.0/avr5\libgcc.a(_divmodsi4.o)
 .text.libgcc.fixed
                0x00000000        0x0 c:/users/dell e5510/documents/mkclipse/avr toolchain/bin/../lib/gcc/avr/5.4.0/avr5\libgcc.a(_divmodsi4.o)
 .text          0x00000000        0x0 c:/users/dell e5510/documents/mkclipse/avr toolchain/bin/../lib/gcc/avr/5.4.0/avr5\libgcc.a(_negsi2.o)
 .data          0x00000000        0x0 c:/users/dell e5510/documents/mkclipse/avr toolchain/bin/../lib/gcc/avr/5.4.0/avr5\libgcc.a(_negsi2.o)
 .bss           0x00000000        0x0 c:/users/dell e5510/documents/mkclipse/avr toolchain/bin/../lib/gcc/avr/5.4.0/avr5\libgcc.a(_negsi2.o)
 .text.libgcc.mul
                0x00000000        0x0 c:/users/dell e5510/documents/mkclipse/avr toolchain/bin/../lib/gcc/avr/5.4.0/avr5\libgcc.a(_negsi2.o)
 .text.libgcc   0x00000000        0x0 c:/users/dell e5510/documents/mkclipse/avr toolchain/bin/../lib/gcc/avr/5.4.0/avr5\libgcc.a(_negsi2.o)
 .text.libgcc.prologue
                0x00000000        0x0 c:/users/dell e5510/documents/mkclipse/avr toolchain/bin/../lib/gcc/avr/5.4.0/avr5\libgcc.a(_negsi2.o)
 .text.libgcc.builtins
                0x00000000        0x0 c:/users/dell e5510/documents/mkclipse/avr toolchain/bin/../lib/gcc/avr/5.4.0/avr5\libgcc.a(_negsi2.o)
 .text.libgcc.fmul
                0x00000000        0x0 c:/users/dell e5510/documents/mkclipse/avr toolchain/bin/../lib/gcc/avr/5.4.0/avr5\libgcc.a(_negsi2.o)
 .text.libgcc.fixed
                0x00000000        0x0 c:/users/dell e5510/documents/mkclipse/avr toolchain/bin/../lib/gcc/avr/5.4.0/avr5\libgcc.a(_negsi2.o)
 .text          0x00000000        0x0 c:/users/dell e5510/documents/mkclipse/avr toolchain/bin/../lib/gcc/avr/5.4.0/avr5\libgcc.a(_exit.o)
 .data          0x00000000        0x0 c:/users/dell e5510/documents/mkclipse/avr toolchain/bin/../lib/gcc/avr/5.4.0/avr5\libgcc.a(_exit.o)
 .bss           0x00000000        0x0 c:/users/dell e5510/documents/mkclipse/avr toolchain/bin/../lib/gcc/avr/5.4.0/avr5\libgcc.a(_exit.o)
 .text.libgcc.mul
                0x00000000        0x0 c:/users/dell e5510/documents/mkclipse/avr toolchain/bin/../lib/gcc/avr/5.4.0/avr5\libgcc.a(_exit.o)
 .text.libgcc.div
                0x00000000        0x0 c:/users/dell e5510/documents/mkclipse/avr toolchain/bin/../lib/gcc/avr/5.4.0/avr5\libgcc.a(_exit.o)
 .text.libgcc   0x00000000        0x0 c:/users/dell e5510/documents/mkclipse/avr toolchain/bin/../lib/gcc/avr/5.4.0/avr5\libgcc.a(_exit.o)
 .text.libgcc.prologue
                0x00000000        0x0 c:/users/dell e5510/documents/mkclipse/avr toolchain/bin/../lib/gcc/avr/5.4.0/avr5\libgcc.a(_exit.o)
 .text.libgcc.builtins
                0x00000000        0x0 c:/users/dell e5510/documents/mkclipse/avr toolchain/bin/../lib/gcc/avr/5.4.0/avr5\libgcc.a(_exit.o)
 .text.libgcc.fmul
                0x00000000        0x0 c:/users/dell e5510/documents/mkclipse/avr toolchain/bin/../lib/gcc/avr/5.4.0/avr5\libgcc.a(_exit.o)
 .text.libgcc.fixed
                0x00000000        0x0 c:/users/dell e5510/documents/mkclipse/avr toolchain/bin/../lib/gcc/avr/5.4.0/avr5\libgcc.a(_exit.o)
 .text          0x00000000        0x0 c:/users/dell e5510/documents/mkclipse/avr toolchain/bin/../lib/gcc/avr/5.4.0/avr5\libgcc.a(_copy_data.o)
 .data          0x00000000        0x0 c:/users/dell e5510/documents/mkclipse/avr toolchain/bin/../lib/gcc/avr/5.4.0/avr5\libgcc.a(_copy_data.o)
 .bss           0x00000000        0x0 c:/users/dell e5510/documents/mkclipse/avr toolchain/bin/../lib/gcc/avr/5.4.0/avr5\libgcc.a(_copy_data.o)
 .text.libgcc.mul
                0x00000000        0x0 c:/users/dell e5510/documents/mkclipse/avr toolchain/bin/../lib/gcc/avr/5.4.0/avr5\libgcc.a(_copy_data.o)
 .text.libgcc.div
                0x00000000        0x0 c:/users/dell e5510/documents/mkclipse/avr toolchain/bin/../lib/gcc/avr/5.4.0/avr5\libgcc.a(_copy_data.o)
 .text.libgcc   0x00000000        0x0 c:/users/dell e5510/documents/mkclipse/avr toolchain/bin/../lib/gcc/avr/5.4.0/avr5\libgcc.a(_copy_data.o)
 .text.libgcc.prologue
                0x00000000        0x0 c:/users/dell e5510/documents/mkclipse/avr toolchain/bin/../lib/gcc/avr/5.4.0/avr5\libgcc.a(_copy_data.o)
 .text.libgcc.builtins
                0x00000000        0x0 c:/users/dell e5510/documents/mkclipse/avr toolchain/bin/../lib/gcc/avr/5.4.0/avr5\libgcc.a(_copy_data.o)
 .text.libgcc.fmul
                0x00000000        0x0 c:/users/dell e5510/documents/mkclipse/avr toolchain/bin/../lib/gcc/avr/5.4.0/avr5\libgcc.a(_copy_data.o)
 .text.libgcc.fixed
                0x00000000        0x0 c:/users/dell e5510/documents/mkclipse/avr toolchain/bin/../lib/gcc/avr/5.4.0/avr5\libgcc.a(_copy_data.o)
 .text          0x00000000        0x0 c:/users/dell e5510/documents/mkclipse/avr toolchain/bin/../lib/gcc/avr/5.4.0/avr5\libgcc.a(_clear_bss.o)
 .data          0x00000000        0x0 c:/users/dell e5510/documents/mkclipse/avr toolchain/bin/../lib/gcc/avr/5.4.0/avr5\libgcc.a(_clear_bss.o)
 .bss           0x00000000        0x0 c:/users/dell e5510/documents/mkclipse/avr toolchain/bin/../lib/gcc/avr/5.4.0/avr5\libgcc.a(_clear_bss.o)
 .text.libgcc.mul
                0x00000000        0x0 c:/users/dell e5510/documents/mkclipse/avr toolchain/bin/../lib/gcc/avr/5.4.0/avr5\libgcc.a(_clear_bss.o)
 .text.libgcc.div
                0x00000000        0x0 c:/users/dell e5510/documents/mkclipse/avr toolchain/bin/../lib/gcc/avr/5.4.0/avr5\libgcc.a(_clear_bss.o)
 .text.libgcc   0x00000000        0x0 c:/users/dell e5510/documents/mkclipse/avr toolchain/bin/../lib/gcc/avr/5.4.0/avr5\libgcc.a(_clear_bss.o)
 .text.libgcc.prologue
                0x00000000        0x0 c:/users/dell e5510/documents/mkclipse/avr toolchain/bin/../lib/gcc/avr/5.4.0/avr5\libgcc.a(_clear_bss.o)
 .text.libgcc.builtins
                0x00000000        0x0 c:/users/dell e5510/documents/mkclipse/avr toolchain/bin/../lib/gcc/avr/5.4.0/avr5\libgcc.a(_clear_bss.o)
 .text.libgcc.fmul
                0x00000000        0x0 c:/users/dell e5510/documents/mkclipse/avr toolchain/bin/../lib/gcc/avr/5.4.0/avr5\libgcc.a(_clear_bss.o)
 .text.libgcc.fixed
                0x00000000        0x0 c:/users/dell e5510/documents/mkclipse/avr toolchain/bin/../lib/gcc/avr/5.4.0/avr5\libgcc.a(_clear_bss.o)
 .text          0x00000000        0x0 c:/users/dell e5510/documents/mkclipse/avr toolchain/bin/../lib/gcc/avr/5.4.0/avr5\libgcc.a(_muluhisi3.o)
 .data          0x00000000        0x0 c:/users/dell e5510/documents/mkclipse/avr toolchain/bin/../lib/gcc/avr/5.4.0/avr5\libgcc.a(_muluhisi3.o)
 .bss           0x00000000        0x0 c:/users/dell e5510/documents/mkclipse/avr toolchain/bin/../lib/gcc/avr/5.4.0/avr5\libgcc.a(_muluhisi3.o)
 .text.libgcc.div
                0x00000000        0x0 c:/users/dell e5510/documents/mkclipse/avr toolchain/bin/../lib/gcc/avr/5.4.0/avr5\libgcc.a(_muluhisi3.o)
 .text.libgcc   0x00000000        0x0 c:/users/dell e5510/documents/mkclipse/avr toolchain/bin/../lib/gcc/avr/5.4.0/avr5\libgcc.a(_muluhisi3.o)
 .text.libgcc.prologue
                0x00000000        0x0 c:/users/dell e5510/documents/mkclipse/avr toolchain/bin/../lib/gcc/avr/5.4.0/avr5\libgcc.a(_muluhisi3.o)
 .text.libgcc.builtins
                0x00000000        0x0 c:/users/dell e5510/documents/mkclipse/avr toolchain/bin/../lib/gcc/avr/5.4.0/avr5\libgcc.a(_muluhisi3.o)
 .text.libgcc.fmul
                0x00000000        0x0 c:/users/dell e5510/documents/mkclipse/avr toolchain/bin/../lib/gcc/avr/5.4.0/avr5\libgcc.a(_muluhisi3.o)
 .text.libgcc.fixed
                0x00000000        0x0 c:/users/dell e5510/documents/mkclipse/avr toolchain/bin/../lib/gcc/avr/5.4.0/avr5\libgcc.a(_muluhisi3.o)
 .text          0x00000000        0x0 c:/users/dell e5510/documents/mkclipse/avr toolchain/bin/../lib/gcc/avr/5.4.0/avr5\libgcc.a(_mulshisi3.o)
 .data          0x00000000        0x0 c:/users/dell e5510/documents/mkclipse/avr toolchain/bin/../lib/gcc/avr/5.4.0/avr5\libgcc.a(_mulshisi3.o)
 .bss           0x00000000        0x0 c:/users/dell e5510/documents/mkclipse/avr toolchain/bin/../lib/gcc/avr/5.4.0/avr5\libgcc.a(_mulshisi3.o)
 .text.libgcc.div
                0x00000000        0x0 c:/users/dell e5510/documents/mkclipse/avr toolchain/bin/../lib/gcc/avr/5.4.0/avr5\libgcc.a(_mulshisi3.o)
 .text.libgcc   0x00000000        0x0 c:/users/dell e5510/documents/mkclipse/avr toolchain/bin/../lib/gcc/avr/5.4.0/avr5\libgcc.a(_mulshisi3.o)
 .text.libgcc.prologue
                0x00000000        0x0 c:/users/dell e5510/documents/mkclipse/avr toolchain/bin/../lib/gcc/avr/5.4.0/avr5\libgcc.a(_mulshisi3.o)
 .text.libgcc.builtins
                0x00000000        0x0 c:/users/dell e5510/documents/mkclipse/avr toolchain/bin/../lib/gcc/avr/5.4.0/avr5\libgcc.a(_mulshisi3.o)
 .text.libgcc.fmul
                0x00000000        0x0 c:/users/dell e5510/documents/mkclipse/avr toolchain/bin/../lib/gcc/avr/5.4.0/avr5\libgcc.a(_mulshisi3.o)
 .text.libgcc.fixed
                0x00000000        0x0 c:/users/dell e5510/documents/mkclipse/avr toolchain/bin/../lib/gcc/avr/5.4.0/avr5\libgcc.a(_mulshisi3.o)
 .text          0x00000000        0x0 c:/users/dell e5510/documents/mkclipse/avr toolchain/bin/../lib/gcc/avr/5.4.0/avr5\libgcc.a(_prologue.o)
 .data          0x00000000        0x0 c:/users/dell e5510/documents/mkclipse/avr toolchain/bin/../lib/gcc/avr/5.4.0/avr5\libgcc.a(_prologue.o)
 .bss           0x00000000        0x0 c:/users/dell e5510/documents/mkclipse/avr toolchain/bin/../lib/gcc/avr/5.4.0/avr5\libgcc.a(_prologue.o)
 .text.libgcc.mul
                0x00000000        0x0 c:/users/dell e5510/documents/mkclipse/avr toolchain/bin/../lib/gcc/avr/5.4.0/avr5\libgcc.a(_prologue.o)
 .text.libgcc.div
                0x00000000        0x0 c:/users/dell e5510/documents/mkclipse/avr toolchain/bin/../lib/gcc/avr/5.4.0/avr5\libgcc.a(_prologue.o)
 .text.libgcc   0x00000000        0x0 c:/users/dell e5510/documents/mkclipse/avr toolchain/bin/../lib/gcc/avr/5.4.0/avr5\libgcc.a(_prologue.o)
 .text.libgcc.builtins
                0x00000000        0x0 c:/users/dell e5510/documents/mkclipse/avr toolchain/bin/../lib/gcc/avr/5.4.0/avr5\libgcc.a(_prologue.o)
 .text.libgcc.fmul
                0x00000000        0x0 c:/users/dell e5510/documents/mkclipse/avr toolchain/bin/../lib/gcc/avr/5.4.0/avr5\libgcc.a(_prologue.o)
 .text.libgcc.fixed
                0x00000000        0x0 c:/users/dell e5510/documents/mkclipse/avr toolchain/bin/../lib/gcc/avr/5.4.0/avr5\libgcc.a(_prologue.o)
 .text          0x00000000        0x0 c:/users/dell e5510/documents/mkclipse/avr toolchain/bin/../lib/gcc/avr/5.4.0/avr5\libgcc.a(_epilogue.o)
 .data          0x00000000        0x0 c:/users/dell e5510/documents/mkclipse/avr toolchain/bin/../lib/gcc/avr/5.4.0/avr5\libgcc.a(_epilogue.o)
 .bss           0x00000000        0x0 c:/users/dell e5510/documents/mkclipse/avr toolchain/bin/../lib/gcc/avr/5.4.0/avr5\libgcc.a(_epilogue.o)
 .text.libgcc.mul
                0x00000000        0x0 c:/users/dell e5510/documents/mkclipse/avr toolchain/bin/../lib/gcc/avr/5.4.0/avr5\libgcc.a(_epilogue.o)
 .text.libgcc.div
                0x00000000        0x0 c:/users/dell e5510/documents/mkclipse/avr toolchain/bin/../lib/gcc/avr/5.4.0/avr5\libgcc.a(_epilogue.o)
 .text.libgcc   0x00000000        0x0 c:/users/dell e5510/documents/mkclipse/avr toolchain/bin/../lib/gcc/avr/5.4.0/avr5\libgcc.a(_epilogue.o)
 .text.libgcc.builtins
                0x00000000        0x0 c:/users/dell e5510/documents/mkclipse/avr toolchain/bin/../lib/gcc/avr/5.4.0/avr5\libgcc.a(_epilogue.o)
 .text.libgcc.fmul
                0x00000000        0x0 c:/users/dell e5510/documents/mkclipse/avr toolchain/bin/../lib/gcc/avr/5.4.0/avr5\libgcc.a(_epilogue.o)
 .text.libgcc.fixed
                0x00000000        0x0 c:/users/dell e5510/documents/mkclipse/avr toolchain/bin/../lib/gcc/avr/5.4.0/avr5\libgcc.a(_epilogue.o)
 .text          0x00000000        0x0 c:/users/dell e5510/documents/mkclipse/avr toolchain/bin/../lib/gcc/avr/5.4.0/avr5\libgcc.a(_umulhisi3.o)
 .data          0x00000000        0x0 c:/users/dell e5510/documents/mkclipse/avr toolchain/bin/../lib/gcc/avr/5.4.0/avr5\libgcc.a(_umulhisi3.o)
 .bss           0x00000000        0x0 c:/users/dell e5510/documents/mkclipse/avr toolchain/bin/../lib/gcc/avr/5.4.0/avr5\libgcc.a(_umulhisi3.o)
 .text.libgcc.div
                0x00000000        0x0 c:/users/dell e5510/documents/mkclipse/avr toolchain/bin/../lib/gcc/avr/5.4.0/avr5\libgcc.a(_umulhisi3.o)
 .text.libgcc   0x00000000        0x0 c:/users/dell e5510/documents/mkclipse/avr toolchain/bin/../lib/gcc/avr/5.4.0/avr5\libgcc.a(_umulhisi3.o)
 .text.libgcc.prologue
                0x00000000        0x0 c:/users/dell e5510/documents/mkclipse/avr toolchain/bin/../lib/gcc/avr/5.4.0/avr5\libgcc.a(_umulhisi3.o)
 .text.libgcc.builtins
                0x00000000        0x0 c:/users/dell e5510/documents/mkclipse/avr toolchain/bin/../lib/gcc/avr/5.4.0/avr5\libgcc.a(_umulhisi3.o)
 .text.libgcc.fmul
                0x00000000        0x0 c:/users/dell e5510/documents/mkclipse/avr toolchain/bin/../lib/gcc/avr/5.4.0/avr5\libgcc.a(_umulhisi3.o)
 .text.libgcc.fixed
                0x00000000        0x0 c:/users/dell e5510/documents/mkclipse/avr toolchain/bin/../lib/gcc/avr/5.4.0/avr5\libgcc.a(_umulhisi3.o)
 .text          0x00000000        0x0 c:/users/dell e5510/documents/mkclipse/avr toolchain/bin/../lib/gcc/avr/5.4.0/../../../../avr/lib/avr5\libm.a(addsf3.o)
 .data          0x00000000        0x0 c:/users/dell e5510/documents/mkclipse/avr toolchain/bin/../lib/gcc/avr/5.4.0/../../../../avr/lib/avr5\libm.a(addsf3.o)
 .bss           0x00000000        0x0 c:/users/dell e5510/documents/mkclipse/avr toolchain/bin/../lib/gcc/avr/5.4.0/../../../../avr/lib/avr5\libm.a(addsf3.o)
 .text.avr-libc.fplib
                0x00000000        0xa c:/users/dell e5510/documents/mkclipse/avr toolchain/bin/../lib/gcc/avr/5.4.0/../../../../avr/lib/avr5\libm.a(addsf3.o)
 .text          0x00000000        0x0 c:/users/dell e5510/documents/mkclipse/avr toolchain/bin/../lib/gcc/avr/5.4.0/../../../../avr/lib/avr5\libm.a(addsf3x.o)
 .data          0x00000000        0x0 c:/users/dell e5510/documents/mkclipse/avr toolchain/bin/../lib/gcc/avr/5.4.0/../../../../avr/lib/avr5\libm.a(addsf3x.o)
 .bss           0x00000000        0x0 c:/users/dell e5510/documents/mkclipse/avr toolchain/bin/../lib/gcc/avr/5.4.0/../../../../avr/lib/avr5\libm.a(addsf3x.o)
 .text.avr-libc.fplib
                0x00000000       0xc0 c:/users/dell e5510/documents/mkclipse/avr toolchain/bin/../lib/gcc/avr/5.4.0/../../../../avr/lib/avr5\libm.a(addsf3x.o)
 .text          0x00000000        0x0 c:/users/dell e5510/documents/mkclipse/avr toolchain/bin/../lib/gcc/avr/5.4.0/../../../../avr/lib/avr5\libm.a(divsf3.o)
 .data          0x00000000        0x0 c:/users/dell e5510/documents/mkclipse/avr toolchain/bin/../lib/gcc/avr/5.4.0/../../../../avr/lib/avr5\libm.a(divsf3.o)
 .bss           0x00000000        0x0 c:/users/dell e5510/documents/mkclipse/avr toolchain/bin/../lib/gcc/avr/5.4.0/../../../../avr/lib/avr5\libm.a(divsf3.o)
 .text.avr-libc.fplib
                0x00000000        0x4 c:/users/dell e5510/documents/mkclipse/avr toolchain/bin/../lib/gcc/avr/5.4.0/../../../../avr/lib/avr5\libm.a(divsf3.o)
 .text          0x00000000        0x0 c:/users/dell e5510/documents/mkclipse/avr toolchain/bin/../lib/gcc/avr/5.4.0/../../../../avr/lib/avr5\libm.a(divsf3x.o)
 .data          0x00000000        0x0 c:/users/dell e5510/documents/mkclipse/avr toolchain/bin/../lib/gcc/avr/5.4.0/../../../../avr/lib/avr5\libm.a(divsf3x.o)
 .bss           0x00000000        0x0 c:/users/dell e5510/documents/mkclipse/avr toolchain/bin/../lib/gcc/avr/5.4.0/../../../../avr/lib/avr5\libm.a(divsf3x.o)
 .text.avr-libc.fplib
                0x00000000       0xcc c:/users/dell e5510/documents/mkclipse/avr toolchain/bin/../lib/gcc/avr/5.4.0/../../../../avr/lib/avr5\libm.a(divsf3x.o)
 .text          0x00000000        0x0 c:/users/dell e5510/documents/mkclipse/avr toolchain/bin/../lib/gcc/avr/5.4.0/../../../../avr/lib/avr5\libm.a(floatsisf.o)
 .data          0x00000000        0x0 c:/users/dell e5510/documents/mkclipse/avr toolchain/bin/../lib/gcc/avr/5.4.0/../../../../avr/lib/avr5\libm.a(floatsisf.o)
 .bss           0x00000000        0x0 c:/users/dell e5510/documents/mkclipse/avr toolchain/bin/../lib/gcc/avr/5.4.0/../../../../avr/lib/avr5\libm.a(floatsisf.o)
 .text          0x00000000        0x0 c:/users/dell e5510/documents/mkclipse/avr toolchain/bin/../lib/gcc/avr/5.4.0/../../../../avr/lib/avr5\libm.a(fp_inf.o)
 .data          0x00000000        0x0 c:/users/dell e5510/documents/mkclipse/avr toolchain/bin/../lib/gcc/avr/5.4.0/../../../../avr/lib/avr5\libm.a(fp_inf.o)
 .bss           0x00000000        0x0 c:/users/dell e5510/documents/mkclipse/avr toolchain/bin/../lib/gcc/avr/5.4.0/../../../../avr/lib/avr5\libm.a(fp_inf.o)
 .text.avr-libc.fplib
                0x00000000        0xc c:/users/dell e5510/documents/mkclipse/avr toolchain/bin/../lib/gcc/avr/5.4.0/../../../../avr/lib/avr5\libm.a(fp_inf.o)
 .text          0x00000000        0x0 c:/users/dell e5510/documents/mkclipse/avr toolchain/bin/../lib/gcc/avr/5.4.0/../../../../avr/lib/avr5\libm.a(fp_nan.o)
 .data          0x00000000        0x0 c:/users/dell e5510/documents/mkclipse/avr toolchain/bin/../lib/gcc/avr/5.4.0/../../../../avr/lib/avr5\libm.a(fp_nan.o)
 .bss           0x00000000        0x0 c:/users/dell e5510/documents/mkclipse/avr toolchain/bin/../lib/gcc/avr/5.4.0/../../../../avr/lib/avr5\libm.a(fp_nan.o)
 .text.avr-libc.fplib
                0x00000000        0x6 c:/users/dell e5510/documents/mkclipse/avr toolchain/bin/../lib/gcc/avr/5.4.0/../../../../avr/lib/avr5\libm.a(fp_nan.o)
 .text          0x00000000        0x0 c:/users/dell e5510/documents/mkclipse/avr toolchain/bin/../lib/gcc/avr/5.4.0/../../../../avr/lib/avr5\libm.a(fp_pscA.o)
 .data          0x00000000        0x0 c:/users/dell e5510/documents/mkclipse/avr toolchain/bin/../lib/gcc/avr/5.4.0/../../../../avr/lib/avr5\libm.a(fp_pscA.o)
 .bss           0x00000000        0x0 c:/users/dell e5510/documents/mkclipse/avr toolchain/bin/../lib/gcc/avr/5.4.0/../../../../avr/lib/avr5\libm.a(fp_pscA.o)
 .text.avr-libc.fplib
                0x00000000        0xe c:/users/dell e5510/documents/mkclipse/avr toolchain/bin/../lib/gcc/avr/5.4.0/../../../../avr/lib/avr5\libm.a(fp_pscA.o)
 .text          0x00000000        0x0 c:/users/dell e5510/documents/mkclipse/avr toolchain/bin/../lib/gcc/avr/5.4.0/../../../../avr/lib/avr5\libm.a(fp_pscB.o)
 .data          0x00000000        0x0 c:/users/dell e5510/documents/mkclipse/avr toolchain/bin/../lib/gcc/avr/5.4.0/../../../../avr/lib/avr5\libm.a(fp_pscB.o)
 .bss           0x00000000        0x0 c:/users/dell e5510/documents/mkclipse/avr toolchain/bin/../lib/gcc/avr/5.4.0/../../../../avr/lib/avr5\libm.a(fp_pscB.o)
 .text.avr-libc.fplib
                0x00000000        0xe c:/users/dell e5510/documents/mkclipse/avr toolchain/bin/../lib/gcc/avr/5.4.0/../../../../avr/lib/avr5\libm.a(fp_pscB.o)
 .text          0x00000000        0x0 c:/users/dell e5510/documents/mkclipse/avr toolchain/bin/../lib/gcc/avr/5.4.0/../../../../avr/lib/avr5\libm.a(fp_round.o)
 .data          0x00000000        0x0 c:/users/dell e5510/documents/mkclipse/avr toolchain/bin/../lib/gcc/avr/5.4.0/../../../../avr/lib/avr5\libm.a(fp_round.o)
 .bss           0x00000000        0x0 c:/users/dell e5510/documents/mkclipse/avr toolchain/bin/../lib/gcc/avr/5.4.0/../../../../avr/lib/avr5\libm.a(fp_round.o)
 .text.avr-libc.fplib
                0x00000000       0x22 c:/users/dell e5510/documents/mkclipse/avr toolchain/bin/../lib/gcc/avr/5.4.0/../../../../avr/lib/avr5\libm.a(fp_round.o)
 .text          0x00000000        0x0 c:/users/dell e5510/documents/mkclipse/avr toolchain/bin/../lib/gcc/avr/5.4.0/../../../../avr/lib/avr5\libm.a(fp_split3.o)
 .data          0x00000000        0x0 c:/users/dell e5510/documents/mkclipse/avr toolchain/bin/../lib/gcc/avr/5.4.0/../../../../avr/lib/avr5\libm.a(fp_split3.o)
 .bss           0x00000000        0x0 c:/users/dell e5510/documents/mkclipse/avr toolchain/bin/../lib/gcc/avr/5.4.0/../../../../avr/lib/avr5\libm.a(fp_split3.o)
 .text.avr-libc.fplib
                0x00000000       0x44 c:/users/dell e5510/documents/mkclipse/avr toolchain/bin/../lib/gcc/avr/5.4.0/../../../../avr/lib/avr5\libm.a(fp_split3.o)
 .text          0x00000000        0x0 c:/users/dell e5510/documents/mkclipse/avr toolchain/bin/../lib/gcc/avr/5.4.0/../../../../avr/lib/avr5\libm.a(fp_zero.o)
 .data          0x00000000        0x0 c:/users/dell e5510/documents/mkclipse/avr toolchain/bin/../lib/gcc/avr/5.4.0/../../../../avr/lib/avr5\libm.a(fp_zero.o)
 .bss           0x00000000        0x0 c:/users/dell e5510/documents/mkclipse/avr toolchain/bin/../lib/gcc/avr/5.4.0/../../../../avr/lib/avr5\libm.a(fp_zero.o)
 .text.avr-libc.fplib
                0x00000000        0xe c:/users/dell e5510/documents/mkclipse/avr toolchain/bin/../lib/gcc/avr/5.4.0/../../../../avr/lib/avr5\libm.a(fp_zero.o)
 .text          0x00000000        0x0 c:/users/dell e5510/documents/mkclipse/avr toolchain/bin/../lib/gcc/avr/5.4.0/../../../../avr/lib/avr5\libm.a(pow.o)
 .data          0x00000000        0x0 c:/users/dell e5510/documents/mkclipse/avr toolchain/bin/../lib/gcc/avr/5.4.0/../../../../avr/lib/avr5\libm.a(pow.o)
 .bss           0x00000000        0x0 c:/users/dell e5510/documents/mkclipse/avr toolchain/bin/../lib/gcc/avr/5.4.0/../../../../avr/lib/avr5\libm.a(pow.o)
 .text.avr-libc.fplib
                0x00000000       0x98 c:/users/dell e5510/documents/mkclipse/avr toolchain/bin/../lib/gcc/avr/5.4.0/../../../../avr/lib/avr5\libm.a(pow.o)
 .text          0x00000000        0x0 c:/users/dell e5510/documents/mkclipse/avr toolchain/bin/../lib/gcc/avr/5.4.0/../../../../avr/lib/avr5\libm.a(exp.o)
 .data          0x00000000        0x0 c:/users/dell e5510/documents/mkclipse/avr toolchain/bin/../lib/gcc/avr/5.4.0/../../../../avr/lib/avr5\libm.a(exp.o)
 .bss           0x00000000        0x0 c:/users/dell e5510/documents/mkclipse/avr toolchain/bin/../lib/gcc/avr/5.4.0/../../../../avr/lib/avr5\libm.a(exp.o)
 .text.avr-libc.fplib
                0x00000000       0x62 c:/users/dell e5510/documents/mkclipse/avr toolchain/bin/../lib/gcc/avr/5.4.0/../../../../avr/lib/avr5\libm.a(exp.o)
 .progmem.gcc_fplib
                0x00000000       0x28 c:/users/dell e5510/documents/mkclipse/avr toolchain/bin/../lib/gcc/avr/5.4.0/../../../../avr/lib/avr5\libm.a(exp.o)
 .text          0x00000000        0x0 c:/users/dell e5510/documents/mkclipse/avr toolchain/bin/../lib/gcc/avr/5.4.0/../../../../avr/lib/avr5\libm.a(fp_powser.o)
 .data          0x00000000        0x0 c:/users/dell e5510/documents/mkclipse/avr toolchain/bin/../lib/gcc/avr/5.4.0/../../../../avr/lib/avr5\libm.a(fp_powser.o)
 .bss           0x00000000        0x0 c:/users/dell e5510/documents/mkclipse/avr toolchain/bin/../lib/gcc/avr/5.4.0/../../../../avr/lib/avr5\libm.a(fp_powser.o)
 .text.avr-libc.fplib
                0x00000000       0x4a c:/users/dell e5510/documents/mkclipse/avr toolchain/bin/../lib/gcc/avr/5.4.0/../../../../avr/lib/avr5\libm.a(fp_powser.o)
 .text          0x00000000        0x0 c:/users/dell e5510/documents/mkclipse/avr toolchain/bin/../lib/gcc/avr/5.4.0/../../../../avr/lib/avr5\libm.a(inverse.o)
 .data          0x00000000        0x0 c:/users/dell e5510/documents/mkclipse/avr toolchain/bin/../lib/gcc/avr/5.4.0/../../../../avr/lib/avr5\libm.a(inverse.o)
 .bss           0x00000000        0x0 c:/users/dell e5510/documents/mkclipse/avr toolchain/bin/../lib/gcc/avr/5.4.0/../../../../avr/lib/avr5\libm.a(inverse.o)
 .text.avr-libc.fplib
                0x00000000        0xe c:/users/dell e5510/documents/mkclipse/avr toolchain/bin/../lib/gcc/avr/5.4.0/../../../../avr/lib/avr5\libm.a(inverse.o)
 .text          0x00000000        0x0 c:/users/dell e5510/documents/mkclipse/avr toolchain/bin/../lib/gcc/avr/5.4.0/../../../../avr/lib/avr5\libm.a(ldexp.o)
 .data          0x00000000        0x0 c:/users/dell e5510/documents/mkclipse/avr toolchain/bin/../lib/gcc/avr/5.4.0/../../../../avr/lib/avr5\libm.a(ldexp.o)
 .bss           0x00000000        0x0 c:/users/dell e5510/documents/mkclipse/avr toolchain/bin/../lib/gcc/avr/5.4.0/../../../../avr/lib/avr5\libm.a(ldexp.o)
 .text.avr-libc.fplib
                0x00000000       0x6c c:/users/dell e5510/documents/mkclipse/avr toolchain/bin/../lib/gcc/avr/5.4.0/../../../../avr/lib/avr5\libm.a(ldexp.o)
 .text          0x00000000        0x0 c:/users/dell e5510/documents/mkclipse/avr toolchain/bin/../lib/gcc/avr/5.4.0/../../../../avr/lib/avr5\libm.a(log.o)
 .data          0x00000000        0x0 c:/users/dell e5510/documents/mkclipse/avr toolchain/bin/../lib/gcc/avr/5.4.0/../../../../avr/lib/avr5\libm.a(log.o)
 .bss           0x00000000        0x0 c:/users/dell e5510/documents/mkclipse/avr toolchain/bin/../lib/gcc/avr/5.4.0/../../../../avr/lib/avr5\libm.a(log.o)
 .text.avr-libc.fplib
                0x00000000       0x8a c:/users/dell e5510/documents/mkclipse/avr toolchain/bin/../lib/gcc/avr/5.4.0/../../../../avr/lib/avr5\libm.a(log.o)
 .progmem.gcc_fplib
                0x00000000       0x5a c:/users/dell e5510/documents/mkclipse/avr toolchain/bin/../lib/gcc/avr/5.4.0/../../../../avr/lib/avr5\libm.a(log.o)
 .text          0x00000000        0x0 c:/users/dell e5510/documents/mkclipse/avr toolchain/bin/../lib/gcc/avr/5.4.0/../../../../avr/lib/avr5\libm.a(modf.o)
 .data          0x00000000        0x0 c:/users/dell e5510/documents/mkclipse/avr toolchain/bin/../lib/gcc/avr/5.4.0/../../../../avr/lib/avr5\libm.a(modf.o)
 .bss           0x00000000        0x0 c:/users/dell e5510/documents/mkclipse/avr toolchain/bin/../lib/gcc/avr/5.4.0/../../../../avr/lib/avr5\libm.a(modf.o)
 .text.avr-libc.fplib
                0x00000000       0x66 c:/users/dell e5510/documents/mkclipse/avr toolchain/bin/../lib/gcc/avr/5.4.0/../../../../avr/lib/avr5\libm.a(modf.o)
 .text          0x00000000        0x0 c:/users/dell e5510/documents/mkclipse/avr toolchain/bin/../lib/gcc/avr/5.4.0/../../../../avr/lib/avr5\libm.a(mulsf3.o)
 .data          0x00000000        0x0 c:/users/dell e5510/documents/mkclipse/avr toolchain/bin/../lib/gcc/avr/5.4.0/../../../../avr/lib/avr5\libm.a(mulsf3.o)
 .bss           0x00000000        0x0 c:/users/dell e5510/documents/mkclipse/avr toolchain/bin/../lib/gcc/avr/5.4.0/../../../../avr/lib/avr5\libm.a(mulsf3.o)
 .text.avr-libc.fplib
                0x00000000        0x4 c:/users/dell e5510/documents/mkclipse/avr toolchain/bin/../lib/gcc/avr/5.4.0/../../../../avr/lib/avr5\libm.a(mulsf3.o)
 .text          0x00000000        0x0 c:/users/dell e5510/documents/mkclipse/avr toolchain/bin/../lib/gcc/avr/5.4.0/../../../../avr/lib/avr5\libm.a(mulsf3x.o)
 .data          0x00000000        0x0 c:/users/dell e5510/documents/mkclipse/avr toolchain/bin/../lib/gcc/avr/5.4.0/../../../../avr/lib/avr5\libm.a(mulsf3x.o)
 .bss           0x00000000        0x0 c:/users/dell e5510/documents/mkclipse/avr toolchain/bin/../lib/gcc/avr/5.4.0/../../../../avr/lib/avr5\libm.a(mulsf3x.o)
 .text.avr-libc.fplib
                0x00000000       0xc2 c:/users/dell e5510/documents/mkclipse/avr toolchain/bin/../lib/gcc/avr/5.4.0/../../../../avr/lib/avr5\libm.a(mulsf3x.o)
 .text          0x00000000        0x0 c:/users/dell e5510/documents/mkclipse/avr toolchain/bin/../lib/gcc/avr/5.4.0/../../../../avr/lib/avr5\libm.a(fp_mpack.o)
 .data          0x00000000        0x0 c:/users/dell e5510/documents/mkclipse/avr toolchain/bin/../lib/gcc/avr/5.4.0/../../../../avr/lib/avr5\libm.a(fp_mpack.o)
 .bss           0x00000000        0x0 c:/users/dell e5510/documents/mkclipse/avr toolchain/bin/../lib/gcc/avr/5.4.0/../../../../avr/lib/avr5\libm.a(fp_mpack.o)
 .text.avr-libc.fplib
                0x00000000       0x1c c:/users/dell e5510/documents/mkclipse/avr toolchain/bin/../lib/gcc/avr/5.4.0/../../../../avr/lib/avr5\libm.a(fp_mpack.o)
 .text          0x00000000        0x0 c:/users/dell e5510/documents/mkclipse/avr toolchain/bin/../lib/gcc/avr/5.4.0/../../../../avr/lib/avr5\libc.a(dtostrf.o)
 .data          0x00000000        0x0 c:/users/dell e5510/documents/mkclipse/avr toolchain/bin/../lib/gcc/avr/5.4.0/../../../../avr/lib/avr5\libc.a(dtostrf.o)
 .bss           0x00000000        0x0 c:/users/dell e5510/documents/mkclipse/avr toolchain/bin/../lib/gcc/avr/5.4.0/../../../../avr/lib/avr5\libc.a(dtostrf.o)
 .text          0x00000000        0x0 c:/users/dell e5510/documents/mkclipse/avr toolchain/bin/../lib/gcc/avr/5.4.0/../../../../avr/lib/avr5\libc.a(ftoa_engine.o)
 .data          0x00000000        0x0 c:/users/dell e5510/documents/mkclipse/avr toolchain/bin/../lib/gcc/avr/5.4.0/../../../../avr/lib/avr5\libc.a(ftoa_engine.o)
 .bss           0x00000000        0x0 c:/users/dell e5510/documents/mkclipse/avr toolchain/bin/../lib/gcc/avr/5.4.0/../../../../avr/lib/avr5\libc.a(ftoa_engine.o)
 .text          0x00000000        0x0 c:/users/dell e5510/documents/mkclipse/avr toolchain/bin/../lib/gcc/avr/5.4.0/../../../../avr/lib/avr5\libc.a(strnlen_P.o)
 .data          0x00000000        0x0 c:/users/dell e5510/documents/mkclipse/avr toolchain/bin/../lib/gcc/avr/5.4.0/../../../../avr/lib/avr5\libc.a(strnlen_P.o)
 .bss           0x00000000        0x0 c:/users/dell e5510/documents/mkclipse/avr toolchain/bin/../lib/gcc/avr/5.4.0/../../../../avr/lib/avr5\libc.a(strnlen_P.o)
 .text          0x00000000        0x0 c:/users/dell e5510/documents/mkclipse/avr toolchain/bin/../lib/gcc/avr/5.4.0/../../../../avr/lib/avr5\libc.a(strnlen.o)
 .data          0x00000000        0x0 c:/users/dell e5510/documents/mkclipse/avr toolchain/bin/../lib/gcc/avr/5.4.0/../../../../avr/lib/avr5\libc.a(strnlen.o)
 .bss           0x00000000        0x0 c:/users/dell e5510/documents/mkclipse/avr toolchain/bin/../lib/gcc/avr/5.4.0/../../../../avr/lib/avr5\libc.a(strnlen.o)
 .text          0x00000000        0x0 c:/users/dell e5510/documents/mkclipse/avr toolchain/bin/../lib/gcc/avr/5.4.0/../../../../avr/lib/avr5\libc.a(fputc.o)
 .data          0x00000000        0x0 c:/users/dell e5510/documents/mkclipse/avr toolchain/bin/../lib/gcc/avr/5.4.0/../../../../avr/lib/avr5\libc.a(fputc.o)
 .bss           0x00000000        0x0 c:/users/dell e5510/documents/mkclipse/avr toolchain/bin/../lib/gcc/avr/5.4.0/../../../../avr/lib/avr5\libc.a(fputc.o)
 .text          0x00000000        0x0 c:/users/dell e5510/documents/mkclipse/avr toolchain/bin/../lib/gcc/avr/5.4.0/../../../../avr/lib/avr5\libc.a(ultoa_invert.o)
 .data          0x00000000        0x0 c:/users/dell e5510/documents/mkclipse/avr toolchain/bin/../lib/gcc/avr/5.4.0/../../../../avr/lib/avr5\libc.a(ultoa_invert.o)
 .bss           0x00000000        0x0 c:/users/dell e5510/documents/mkclipse/avr toolchain/bin/../lib/gcc/avr/5.4.0/../../../../avr/lib/avr5\libc.a(ultoa_invert.o)
 .text          0x00000000        0x0 c:/users/dell e5510/documents/mkclipse/avr toolchain/bin/../lib/gcc/avr/5.4.0/../../../../avr/lib/avr5\libc.a(dtoa_prf.o)
 .data          0x00000000        0x0 c:/users/dell e5510/documents/mkclipse/avr toolchain/bin/../lib/gcc/avr/5.4.0/../../../../avr/lib/avr5\libc.a(dtoa_prf.o)
 .bss           0x00000000        0x0 c:/users/dell e5510/documents/mkclipse/avr toolchain/bin/../lib/gcc/avr/5.4.0/../../../../avr/lib/avr5\libc.a(dtoa_prf.o)

Memory Configuration

Name             Origin             Length             Attributes
text             0x00000000         0x00020000         xr
data             0x00800060         0x0000ffa0         rw !x
eeprom           0x00810000         0x00010000         rw !x
fuse             0x00820000         0x00000400         rw !x
lock             0x00830000         0x00000400         rw !x
signature        0x00840000         0x00000400         rw !x
user_signatures  0x00850000         0x00000400         rw !x
*default*        0x00000000         0xffffffff

Linker script and memory map

LOAD c:/users/dell e5510/documents/mkclipse/avr toolchain/bin/../lib/gcc/avr/5.4.0/../../../../avr/lib/avr5/crtatmega32.o
LOAD c:/users/dell e5510/documents/mkclipse/avr toolchain/bin/../lib/gcc/avr/5.4.0/../../../../avr/lib/avr5\libprintf_flt.a
LOAD c:/users/dell e5510/documents/mkclipse/avr toolchain/bin/../lib/gcc/avr/5.4.0/../../../../avr/lib/avr5\libm.a
LOAD Release/bmp085.o
LOAD Release/hd44780.o
LOAD Release/main.o
LOAD Release/mk_build.o
LOAD Release/twimaster.o
START GROUP
LOAD c:/users/dell e5510/documents/mkclipse/avr toolchain/bin/../lib/gcc/avr/5.4.0/avr5\libgcc.a
LOAD c:/users/dell e5510/documents/mkclipse/avr toolchain/bin/../lib/gcc/avr/5.4.0/../../../../avr/lib/avr5\libm.a
LOAD c:/users/dell e5510/documents/mkclipse/avr toolchain/bin/../lib/gcc/avr/5.4.0/../../../../avr/lib/avr5\libc.a
LOAD c:/users/dell e5510/documents/mkclipse/avr toolchain/bin/../lib/gcc/avr/5.4.0/../../../../avr/lib/avr5\libatmega32.a
END GROUP

.hash
 *(.hash)

.dynsym
 *(.dynsym)

.dynstr
 *(.dynstr)

.gnu.version
 *(.gnu.version)

.gnu.version_d
 *(.gnu.version_d)

.gnu.version_r
 *(.gnu.version_r)

.rel.init
 *(.rel.init)

.rela.init
 *(.rela.init)

.rel.text
 *(.rel.text)
 *(.rel.text.*)
 *(.rel.gnu.linkonce.t*)

.rela.text
 *(.rela.text)
 *(.rela.text.*)
 *(.rela.gnu.linkonce.t*)

.rel.fini
 *(.rel.fini)

.rela.fini
 *(.rela.fini)

.rel.rodata
 *(.rel.rodata)
 *(.rel.rodata.*)
 *(.rel.gnu.linkonce.r*)

.rela.rodata
 *(.rela.rodata)
 *(.rela.rodata.*)
 *(.rela.gnu.linkonce.r*)

.rel.data
 *(.rel.data)
 *(.rel.data.*)
 *(.rel.gnu.linkonce.d*)

.rela.data
 *(.rela.data)
 *(.rela.data.*)
 *(.rela.gnu.linkonce.d*)

.rel.ctors
 *(.rel.ctors)

.rela.ctors
 *(.rela.ctors)

.rel.dtors
 *(.rel.dtors)

.rela.dtors
 *(.rela.dtors)

.rel.got
 *(.rel.got)

.rela.got
 *(.rela.got)

.rel.bss
 *(.rel.bss)

.rela.bss
 *(.rela.bss)

.rel.plt
 *(.rel.plt)

.rela.plt
 *(.rela.plt)

.text           0x00000000     0x1942
 *(.vectors)
 .vectors       0x00000000       0x54 c:/users/dell e5510/documents/mkclipse/avr toolchain/bin/../lib/gcc/avr/5.4.0/../../../../avr/lib/avr5/crtatmega32.o
                0x00000000                __vector_default
                0x00000000                __vectors
 *(.vectors)
 *(.progmem.gcc*)
                0x00000054                . = ALIGN (0x2)
                0x00000054                __trampolines_start = .
 *(.trampolines)
 .trampolines   0x00000054        0x0 linker stubs
 *(.trampolines*)
                0x00000054                __trampolines_end = .
 *(.progmem*)
 .progmem.data  0x00000054        0x8 c:/users/dell e5510/documents/mkclipse/avr toolchain/bin/../lib/gcc/avr/5.4.0/../../../../avr/lib/avr5\libprintf_flt.a(vfprintf_flt.o)
 .progmem.data.MkBuildTime
                0x0000005c        0x9 Release/mk_build.o
                0x0000005c                MkBuildTime
 .progmem.data.MkBuildDate
                0x00000065        0xb Release/mk_build.o
                0x00000065                MkBuildDate
 .progmem.data.MkBuildNumber
                0x00000070        0x3 Release/mk_build.o
                0x00000070                MkBuildNumber
 .progmem.data.MkBuildVersion
                0x00000073        0x6 Release/mk_build.o
                0x00000073                MkBuildVersion
 .progmem.data  0x00000079       0xfa c:/users/dell e5510/documents/mkclipse/avr toolchain/bin/../lib/gcc/avr/5.4.0/../../../../avr/lib/avr5\libc.a(ftoa_engine.o)
                0x00000174                . = ALIGN (0x2)
 *fill*         0x00000173        0x1 
 *(.jumptables)
 *(.jumptables*)
 *(.lowtext)
 *(.lowtext*)
                0x00000174                __ctors_start = .
 *(.ctors)
                0x00000174                __ctors_end = .
                0x00000174                __dtors_start = .
 *(.dtors)
                0x00000174                __dtors_end = .
 SORT(*)(.ctors)
 SORT(*)(.dtors)
 *(.init0)
 .init0         0x00000174        0x0 c:/users/dell e5510/documents/mkclipse/avr toolchain/bin/../lib/gcc/avr/5.4.0/../../../../avr/lib/avr5/crtatmega32.o
                0x00000174                __init
 *(.init0)
 *(.init1)
 *(.init1)
 *(.init2)
 .init2         0x00000174        0xc c:/users/dell e5510/documents/mkclipse/avr toolchain/bin/../lib/gcc/avr/5.4.0/../../../../avr/lib/avr5/crtatmega32.o
 *(.init2)
 *(.init3)
 *(.init3)
 *(.init4)
 .init4         0x00000180       0x16 c:/users/dell e5510/documents/mkclipse/avr toolchain/bin/../lib/gcc/avr/5.4.0/avr5\libgcc.a(_copy_data.o)
                0x00000180                __do_copy_data
 .init4         0x00000196       0x10 c:/users/dell e5510/documents/mkclipse/avr toolchain/bin/../lib/gcc/avr/5.4.0/avr5\libgcc.a(_clear_bss.o)
                0x00000196                __do_clear_bss
 *(.init4)
 *(.init5)
 *(.init5)
 *(.init6)
 *(.init6)
 *(.init7)
 *(.init7)
 *(.init8)
 *(.init8)
 *(.init9)
 .init9         0x000001a6        0x8 c:/users/dell e5510/documents/mkclipse/avr toolchain/bin/../lib/gcc/avr/5.4.0/../../../../avr/lib/avr5/crtatmega32.o
 *(.init9)
 *(.text)
 .text          0x000001ae        0x4 c:/users/dell e5510/documents/mkclipse/avr toolchain/bin/../lib/gcc/avr/5.4.0/../../../../avr/lib/avr5/crtatmega32.o
                0x000001ae                __vector_1
                0x000001ae                __vector_12
                0x000001ae                __bad_interrupt
                0x000001ae                __vector_6
                0x000001ae                __vector_3
                0x000001ae                __vector_11
                0x000001ae                __vector_13
                0x000001ae                __vector_17
                0x000001ae                __vector_19
                0x000001ae                __vector_7
                0x000001ae                __vector_5
                0x000001ae                __vector_4
                0x000001ae                __vector_9
                0x000001ae                __vector_2
                0x000001ae                __vector_15
                0x000001ae                __vector_8
                0x000001ae                __vector_14
                0x000001ae                __vector_10
                0x000001ae                __vector_16
                0x000001ae                __vector_18
                0x000001ae                __vector_20
                0x000001b2                . = ALIGN (0x2)
 *(.text.*)
 .text.avr-libc
                0x000001b2      0x6f6 c:/users/dell e5510/documents/mkclipse/avr toolchain/bin/../lib/gcc/avr/5.4.0/../../../../avr/lib/avr5\libprintf_flt.a(vfprintf_flt.o)
                0x000001b2                vfprintf
 .text.bmp085_writemem
                0x000008a8       0x22 Release/bmp085.o
                0x000008a8                bmp085_writemem
 .text.bmp085_readmem
                0x000008ca       0x72 Release/bmp085.o
                0x000008ca                bmp085_readmem
 .text.bmp085_avaragefilter
                0x0000093c       0x66 Release/bmp085.o
                0x0000093c                bmp085_avaragefilter
 .text.bmp085_getcalibration
                0x000009a2      0x178 Release/bmp085.o
                0x000009a2                bmp085_getcalibration
 .text.bmp085_getrawtemperature
                0x00000b1a       0xee Release/bmp085.o
                0x00000b1a                bmp085_getrawtemperature
 .text.bmp085_getrawpressure
                0x00000c08      0x2d4 Release/bmp085.o
                0x00000c08                bmp085_getrawpressure
 .text.bmp085_getpressure
                0x00000edc       0x16 Release/bmp085.o
                0x00000edc                bmp085_getpressure
 .text.bmp085_init
                0x00000ef2       0x24 Release/bmp085.o
                0x00000ef2                bmp085_init
 .text._LCD_OutNibble
                0x00000f16       0x2a Release/hd44780.o
                0x00000f16                _LCD_OutNibble
 .text._LCD_Write
                0x00000f40       0x26 Release/hd44780.o
                0x00000f40                _LCD_Write
 .text.LCD_WriteCommand
                0x00000f66        0x6 Release/hd44780.o
                0x00000f66                LCD_WriteCommand
 .text.LCD_WriteData
                0x00000f6c        0x6 Release/hd44780.o
                0x00000f6c                LCD_WriteData
 .text.LCD_WriteText
                0x00000f72       0x18 Release/hd44780.o
                0x00000f72                LCD_WriteText
 .text.LCD_GoTo
                0x00000f8a        0xe Release/hd44780.o
                0x00000f8a                LCD_GoTo
 .text.LCD_Initalize
                0x00000f98       0x7c Release/hd44780.o
                0x00000f98                LCD_Initalize
 .text.startup.main
                0x00001014       0x64 Release/main.o
                0x00001014                main
 .text.i2c_init
                0x00001078        0x6 Release/twimaster.o
                0x00001078                i2c_init
 .text.i2c_start
                0x0000107e       0x36 Release/twimaster.o
                0x0000107e                i2c_start
 .text.i2c_start_wait
                0x000010b4       0x3c Release/twimaster.o
                0x000010b4                i2c_start_wait
 .text.i2c_rep_start
                0x000010f0        0x4 Release/twimaster.o
                0x000010f0                i2c_rep_start
 .text.i2c_stop
                0x000010f4        0xc Release/twimaster.o
                0x000010f4                i2c_stop
 .text.i2c_write
                0x00001100       0x1a Release/twimaster.o
                0x00001100                i2c_write
 .text.i2c_readAck
                0x0000111a        0xe Release/twimaster.o
                0x0000111a                i2c_readAck
 .text.i2c_readNak
                0x00001128        0xe Release/twimaster.o
                0x00001128                i2c_readNak
 .text.libgcc.mul
                0x00001136       0x20 c:/users/dell e5510/documents/mkclipse/avr toolchain/bin/../lib/gcc/avr/5.4.0/avr5\libgcc.a(_mulsi3.o)
                0x00001136                __mulsi3
 .text.libgcc.div
                0x00001156       0x44 c:/users/dell e5510/documents/mkclipse/avr toolchain/bin/../lib/gcc/avr/5.4.0/avr5\libgcc.a(_udivmodsi4.o)
                0x00001156                __udivmodsi4
 .text.libgcc.div
                0x0000119a       0x2e c:/users/dell e5510/documents/mkclipse/avr toolchain/bin/../lib/gcc/avr/5.4.0/avr5\libgcc.a(_divmodsi4.o)
                0x0000119a                __divmodsi4
 .text.libgcc.div
                0x000011c8       0x10 c:/users/dell e5510/documents/mkclipse/avr toolchain/bin/../lib/gcc/avr/5.4.0/avr5\libgcc.a(_negsi2.o)
                0x000011c8                __negsi2
 .text.libgcc.mul
                0x000011d8       0x16 c:/users/dell e5510/documents/mkclipse/avr toolchain/bin/../lib/gcc/avr/5.4.0/avr5\libgcc.a(_muluhisi3.o)
                0x000011d8                __muluhisi3
 .text.libgcc.mul
                0x000011ee       0x10 c:/users/dell e5510/documents/mkclipse/avr toolchain/bin/../lib/gcc/avr/5.4.0/avr5\libgcc.a(_mulshisi3.o)
                0x000011ee                __mulshisi3
                0x000011f4                __mulohisi3
 .text.libgcc.prologue
                0x000011fe       0x38 c:/users/dell e5510/documents/mkclipse/avr toolchain/bin/../lib/gcc/avr/5.4.0/avr5\libgcc.a(_prologue.o)
                0x000011fe                __prologue_saves__
 .text.libgcc.prologue
                0x00001236       0x36 c:/users/dell e5510/documents/mkclipse/avr toolchain/bin/../lib/gcc/avr/5.4.0/avr5\libgcc.a(_epilogue.o)
                0x00001236                __epilogue_restores__
 .text.libgcc.mul
                0x0000126c       0x1e c:/users/dell e5510/documents/mkclipse/avr toolchain/bin/../lib/gcc/avr/5.4.0/avr5\libgcc.a(_umulhisi3.o)
                0x0000126c                __umulhisi3
 .text.avr-libc.fplib
                0x0000128a       0x7a c:/users/dell e5510/documents/mkclipse/avr toolchain/bin/../lib/gcc/avr/5.4.0/../../../../avr/lib/avr5\libm.a(floatsisf.o)
                0x0000128a                __floatunsisf
                0x0000128e                __floatsisf
 .text.avr-libc
                0x00001304       0x42 c:/users/dell e5510/documents/mkclipse/avr toolchain/bin/../lib/gcc/avr/5.4.0/../../../../avr/lib/avr5\libc.a(dtostrf.o)
                0x00001304                dtostrf
 .text.avr-libc
                0x00001346      0x1b0 c:/users/dell e5510/documents/mkclipse/avr toolchain/bin/../lib/gcc/avr/5.4.0/../../../../avr/lib/avr5\libc.a(ftoa_engine.o)
                0x00001346                __ftoa_engine
 .text.avr-libc
                0x000014f6       0x16 c:/users/dell e5510/documents/mkclipse/avr toolchain/bin/../lib/gcc/avr/5.4.0/../../../../avr/lib/avr5\libc.a(strnlen_P.o)
                0x000014f6                strnlen_P
 .text.avr-libc
                0x0000150c       0x16 c:/users/dell e5510/documents/mkclipse/avr toolchain/bin/../lib/gcc/avr/5.4.0/../../../../avr/lib/avr5\libc.a(strnlen.o)
                0x0000150c                strnlen
 .text.avr-libc
                0x00001522       0x64 c:/users/dell e5510/documents/mkclipse/avr toolchain/bin/../lib/gcc/avr/5.4.0/../../../../avr/lib/avr5\libc.a(fputc.o)
                0x00001522                fputc
 .text.avr-libc
                0x00001586       0xbc c:/users/dell e5510/documents/mkclipse/avr toolchain/bin/../lib/gcc/avr/5.4.0/../../../../avr/lib/avr5\libc.a(ultoa_invert.o)
                0x00001586                __ultoa_invert
 .text.avr-libc
                0x00001642      0x2fc c:/users/dell e5510/documents/mkclipse/avr toolchain/bin/../lib/gcc/avr/5.4.0/../../../../avr/lib/avr5\libc.a(dtoa_prf.o)
                0x00001642                dtoa_prf
                0x0000193e                . = ALIGN (0x2)
 *(.fini9)
 .fini9         0x0000193e        0x0 c:/users/dell e5510/documents/mkclipse/avr toolchain/bin/../lib/gcc/avr/5.4.0/avr5\libgcc.a(_exit.o)
                0x0000193e                _exit
                0x0000193e                exit
 *(.fini9)
 *(.fini8)
 *(.fini8)
 *(.fini7)
 *(.fini7)
 *(.fini6)
 *(.fini6)
 *(.fini5)
 *(.fini5)
 *(.fini4)
 *(.fini4)
 *(.fini3)
 *(.fini3)
 *(.fini2)
 *(.fini2)
 *(.fini1)
 *(.fini1)
 *(.fini0)
 .fini0         0x0000193e        0x4 c:/users/dell e5510/documents/mkclipse/avr toolchain/bin/../lib/gcc/avr/5.4.0/avr5\libgcc.a(_exit.o)
 *(.fini0)
                0x00001942                _etext = .

.data           0x00800060        0xa load address 0x00001942
                0x00800060                PROVIDE (__data_start, .)
 *(.data)
 *(.data*)
 *(.rodata)
 *(.rodata*)
 .rodata.str1.1
                0x00800060        0x9 Release/main.o
 *(.gnu.linkonce.d*)
                0x0080006a                . = ALIGN (0x2)
 *fill*         0x00800069        0x1 
                0x0080006a                _edata = .
                0x0080006a                PROVIDE (__data_end, .)

.bss            0x0080006a       0x72
                0x0080006a                PROVIDE (__bss_start, .)
 *(.bss)
 *(.bss*)
 .bss.k         0x0080006a       0x54 Release/bmp085.o
 *(COMMON)
 COMMON         0x008000be       0x1e Release/bmp085.o
                0x008000be                bmp085_regac4
                0x008000c0                bmp085_regb2
                0x008000c2                bmp085_rawpressure
                0x008000c6                bmp085_regac3
                0x008000c8                bmp085_rawtemperature
                0x008000cc                bmp085_regb1
                0x008000ce                bmp085_regac6
                0x008000d0                bmp085_regmd
                0x008000d2                bmp085_regac1
                0x008000d4                bmp085_regmb
                0x008000d6                bmp085_regac5
                0x008000d8                bmp085_regmc
                0x008000da                bmp085_regac2
                0x008000dc                PROVIDE (__bss_end, .)
                0x00001942                __data_load_start = LOADADDR (.data)
                0x0000194c                __data_load_end = (__data_load_start + SIZEOF (.data))

.noinit         0x008000dc        0x0
                0x008000dc                PROVIDE (__noinit_start, .)
 *(.noinit*)
                0x008000dc                PROVIDE (__noinit_end, .)
                0x008000dc                _end = .
                0x008000dc                PROVIDE (__heap_start, .)

.eeprom         0x00810000        0x0
 *(.eeprom*)
                0x00810000                __eeprom_end = .

.fuse
 *(.fuse)
 *(.lfuse)
 *(.hfuse)
 *(.efuse)

.lock
 *(.lock*)

.signature
 *(.signature*)

.user_signatures
 *(.user_signatures*)

.stab
 *(.stab)

.stabstr
 *(.stabstr)

.stab.excl
 *(.stab.excl)

.stab.exclstr
 *(.stab.exclstr)

.stab.index
 *(.stab.index)

.stab.indexstr
 *(.stab.indexstr)

.comment        0x00000000       0x8c
 *(.comment)
 .comment       0x00000000       0x2c c:/users/dell e5510/documents/mkclipse/avr toolchain/bin/../lib/gcc/avr/5.4.0/../../../../avr/lib/avr5\libprintf_flt.a(vfprintf_flt.o)
                                 0x2d (size before relaxing)
 .comment       0x0000002c       0x30 Release/bmp085.o
                                 0x31 (size before relaxing)
 .comment       0x00000000       0x31 Release/hd44780.o
 .comment       0x00000000       0x31 Release/main.o
 .comment       0x00000000       0x31 Release/mk_build.o
 .comment       0x00000000       0x31 Release/twimaster.o
 .comment       0x0000005c       0x30 c:/users/dell e5510/documents/mkclipse/avr toolchain/bin/../lib/gcc/avr/5.4.0/../../../../avr/lib/avr5\libc.a(dtostrf.o)
                                 0x31 (size before relaxing)
 .comment       0x00000000       0x31 c:/users/dell e5510/documents/mkclipse/avr toolchain/bin/../lib/gcc/avr/5.4.0/../../../../avr/lib/avr5\libc.a(fputc.o)
 .comment       0x00000000       0x31 c:/users/dell e5510/documents/mkclipse/avr toolchain/bin/../lib/gcc/avr/5.4.0/../../../../avr/lib/avr5\libc.a(dtoa_prf.o)

.note.gnu.avr.deviceinfo
                0x00000000       0x3c
 .note.gnu.avr.deviceinfo
                0x00000000       0x3c c:/users/dell e5510/documents/mkclipse/avr toolchain/bin/../lib/gcc/avr/5.4.0/../../../../avr/lib/avr5/crtatmega32.o

.note.gnu.build-id
 *(.note.gnu.build-id)

.debug
 *(.debug)

.line
 *(.line)

.debug_srcinfo
 *(.debug_srcinfo)

.debug_sfnames
 *(.debug_sfnames)

.debug_aranges
 *(.debug_aranges)

.debug_pubnames
 *(.debug_pubnames)

.debug_info     0x00000000      0x4e6
 *(.debug_info .gnu.linkonce.wi.*)
 .debug_info    0x00000000      0x4e6 c:/users/dell e5510/documents/mkclipse/avr toolchain/bin/../lib/gcc/avr/5.4.0/../../../../avr/lib/avr5/crtatmega32.o

.debug_abbrev   0x00000000      0x4a3
 *(.debug_abbrev)
 .debug_abbrev  0x00000000      0x4a3 c:/users/dell e5510/documents/mkclipse/avr toolchain/bin/../lib/gcc/avr/5.4.0/../../../../avr/lib/avr5/crtatmega32.o

.debug_line     0x00000000       0x1a
 *(.debug_line .debug_line.* .debug_line_end)
 .debug_line    0x00000000       0x1a c:/users/dell e5510/documents/mkclipse/avr toolchain/bin/../lib/gcc/avr/5.4.0/../../../../avr/lib/avr5/crtatmega32.o

.debug_frame
 *(.debug_frame)

.debug_str      0x00000000      0x196
 *(.debug_str)
 .debug_str     0x00000000      0x196 c:/users/dell e5510/documents/mkclipse/avr toolchain/bin/../lib/gcc/avr/5.4.0/../../../../avr/lib/avr5/crtatmega32.o

.debug_loc
 *(.debug_loc)

.debug_macinfo
 *(.debug_macinfo)

.debug_weaknames
 *(.debug_weaknames)

.debug_funcnames
 *(.debug_funcnames)

.debug_typenames
 *(.debug_typenames)

.debug_varnames
 *(.debug_varnames)

.debug_pubtypes
 *(.debug_pubtypes)

.debug_ranges
 *(.debug_ranges)

.debug_macro
 *(.debug_macro)
OUTPUT(Release/BMP180.elf elf32-avr)
LOAD linker stubs
